[templates.hibotheme.com/motoz/default/index-2.html]
[templates.hibotheme.com/motoz/default/assets/css/bootstrap.min.css]
[templates.hibotheme.com/motoz/default/assets/css/flaticon_motoz.css]
[templates.hibotheme.com/motoz/default/assets/css/remixicon.css]
[templates.hibotheme.com/motoz/default/assets/css/ionicons.min.css]
[templates.hibotheme.com/motoz/default/assets/css/owl.carousel.min.css]
[templates.hibotheme.com/motoz/default/assets/css/odometer.min.css]
[templates.hibotheme.com/motoz/default/assets/css/fancybox.css]
[templates.hibotheme.com/motoz/default/assets/css/aos.css]
[templates.hibotheme.com/motoz/default/assets/css/header.css]
[templates.hibotheme.com/motoz/default/assets/css/style.css]
[templates.hibotheme.com/motoz/default/assets/css/footer.css]
[templates.hibotheme.com/motoz/default/assets/css/responsive.css]
[backblue.gif]
[fade.gif]
[index.html]
[templates.hibotheme.com/motoz/default/assets/css/dark-theme.css]
[templates.hibotheme.com/motoz/default/assets/img/favicon.webp]
[templates.hibotheme.com/motoz/default/my-account.html]
[templates.hibotheme.com/motoz/default/index.html]
[templates.hibotheme.com/motoz/default/assets/img/logo.webp]
[templates.hibotheme.com/motoz/default/assets/img/logo-white.webp]
[templates.hibotheme.com/motoz/default/index-3.html]
[templates.hibotheme.com/motoz/default/inventory.html]
[templates.hibotheme.com/motoz/default/inventory-details.html]
[templates.hibotheme.com/motoz/default/about.html]
[templates.hibotheme.com/motoz/default/listings.html]
[templates.hibotheme.com/motoz/default/add-listing.html]
[templates.hibotheme.com/motoz/default/listing-details.html]
[templates.hibotheme.com/motoz/default/services.html]
[templates.hibotheme.com/motoz/default/service-details.html]
[templates.hibotheme.com/motoz/default/dealers.html]
[templates.hibotheme.com/motoz/default/dealer-details.html]
[templates.hibotheme.com/motoz/default/team.html]
[templates.hibotheme.com/motoz/default/calculator.html]
[templates.hibotheme.com/motoz/default/faq.html]
[templates.hibotheme.com/motoz/default/pricing-plan.html]
[templates.hibotheme.com/motoz/default/testimonials.html]
[templates.hibotheme.com/motoz/default/terms-of-service.html]
[templates.hibotheme.com/motoz/default/privacy-policy.html]
[templates.hibotheme.com/motoz/default/error-404.html]
[templates.hibotheme.com/motoz/default/shop.html]
[templates.hibotheme.com/motoz/default/shop-details.html]
[templates.hibotheme.com/motoz/default/wishlist.html]
[templates.hibotheme.com/motoz/default/cart.html]
[templates.hibotheme.com/motoz/default/checkout.html]
[templates.hibotheme.com/motoz/default/Compare.html]
[templates.hibotheme.com/motoz/default/blog-no-sidebar.html]
[templates.hibotheme.com/motoz/default/blog-left-sidebar.html]
[templates.hibotheme.com/motoz/default/blog-right-sidebar.html]
[templates.hibotheme.com/motoz/default/blog-details-no-sidebar.html]
[templates.hibotheme.com/motoz/default/blog-details-left-sidebar.html]
[templates.hibotheme.com/motoz/default/blog-details-right-sidebar.html]
[templates.hibotheme.com/motoz/default/contact.html]
[templates.hibotheme.com/motoz/default/assets/img/hero/hero-shape-9.webp]
[templates.hibotheme.com/motoz/default/assets/img/hero/hero-shape-11.webp]
[templates.hibotheme.com/motoz/default/assets/img/hero/hero-shape-12.webp]
[templates.hibotheme.com/motoz/default/assets/img/hero/hero-shape-10.webp]
[templates.hibotheme.com/motoz/default/assets/img/hero/hero-logo-4.webp]
[templates.hibotheme.com/motoz/default/assets/img/hero/hero-logo-5.webp]
[templates.hibotheme.com/motoz/default/assets/img/hero/hero-img-4.webp]
[templates.hibotheme.com/motoz/default/assets/img/category/cat-10.webp]
[templates.hibotheme.com/motoz/default/assets/img/category/cat-11.webp]
[templates.hibotheme.com/motoz/default/assets/img/category/cat-12.webp]
[templates.hibotheme.com/motoz/default/assets/img/category/cat-13.webp]
[templates.hibotheme.com/motoz/default/assets/img/category/cat-14.webp]
[templates.hibotheme.com/motoz/default/assets/img/product/product-9.webp]
[templates.hibotheme.com/motoz/default/compare-2.html]
[templates.hibotheme.com/motoz/default/assets/img/product/product-10.webp]
[templates.hibotheme.com/motoz/default/assets/img/product/product-11.webp]
[templates.hibotheme.com/motoz/default/assets/img/product/product-12.webp]
[templates.hibotheme.com/motoz/default/assets/img/product/product-13.webp]
[templates.hibotheme.com/motoz/default/assets/img/product/product-14.webp]
[templates.hibotheme.com/motoz/default/assets/img/product/product-23.webp]
[templates.hibotheme.com/motoz/default/assets/img/product/product-24.webp]
[templates.hibotheme.com/motoz/default/assets/img/dealer/dealer-2.webp]
[templates.hibotheme.com/motoz/default/dealer.html]
[templates.hibotheme.com/motoz/default/assets/img/dealer/dealer-4.webp]
[templates.hibotheme.com/motoz/default/assets/img/dealer/dealer-7.webp]
[templates.hibotheme.com/motoz/default/assets/img/dealer/dealer-6.webp]
[templates.hibotheme.com/motoz/default/assets/img/dealer/dealer-1.webp]
[templates.hibotheme.com/motoz/default/assets/img/category/cat-5.webp]
[templates.hibotheme.com/motoz/default/assets/img/category/cat-1.webp]
[templates.hibotheme.com/motoz/default/assets/img/category/cat-4.webp]
[templates.hibotheme.com/motoz/default/assets/img/category/cat-6.webp]
[templates.hibotheme.com/motoz/default/assets/img/category/cat-2.webp]
[templates.hibotheme.com/motoz/default/assets/img/category/cat-3.webp]
[templates.hibotheme.com/motoz/default/assets/img/city/city-1.webp]
[templates.hibotheme.com/motoz/default/assets/img/city/city-2.webp]
[templates.hibotheme.com/motoz/default/assets/img/city/city-3.webp]
[templates.hibotheme.com/motoz/default/assets/img/city/city-4.webp]
[templates.hibotheme.com/motoz/default/assets/img/city/city-5.webp]
[templates.hibotheme.com/motoz/default/assets/img/clients/client-4.webp]
[templates.hibotheme.com/motoz/default/assets/img/clients/client-6.webp]
[templates.hibotheme.com/motoz/default/assets/img/clients/client-1.webp]
[templates.hibotheme.com/motoz/default/assets/img/clients/client-5.webp]
[templates.hibotheme.com/motoz/default/assets/img/blog/blog-5.webp]
[templates.hibotheme.com/motoz/default/posts-by-author.html]
[templates.hibotheme.com/motoz/default/assets/img/blog/blog-3.webp]
[templates.hibotheme.com/motoz/default/assets/img/blog/blog-6.webp]
[templates.hibotheme.com/motoz/default/assets/img/blog/blog-7.webp]
[templates.hibotheme.com/motoz/default/assets/img/partners/partner-1.webp]
[templates.hibotheme.com/motoz/default/assets/img/partners/partner-2.webp]
[templates.hibotheme.com/motoz/default/assets/img/partners/partner-3.webp]
[templates.hibotheme.com/motoz/default/assets/img/partners/partner-4.webp]
[templates.hibotheme.com/motoz/default/assets/img/partners/partner-5.webp]
[templates.hibotheme.com/motoz/default/assets/img/partners/partner-6.webp]
[templates.hibotheme.com/motoz/default/assets/img/app/app-shape-1.webp]
[templates.hibotheme.com/motoz/default/assets/img/app/app-shape-2.webp]
[templates.hibotheme.com/motoz/default/assets/img/icon/google-play.webp]
[templates.hibotheme.com/motoz/default/assets/img/icon/apple-store.webp]
[templates.hibotheme.com/motoz/default/assets/img/app/app.webp]
[templates.hibotheme.com/cdn-cgi/scripts/5c5dd728/cloudflare-static/email-decode.min.js]
[templates.hibotheme.com/motoz/default/assets/js/jquery.min.js]
[templates.hibotheme.com/motoz/default/assets/js/bootstrap.bundle.min.js]
[templates.hibotheme.com/motoz/default/assets/js/form-validator.min.js]
[templates.hibotheme.com/motoz/default/assets/js/contact-form-script.js]
[templates.hibotheme.com/motoz/default/assets/js/aos.js]
[unpkg.com/ionicons@5.0.0/dist/ionicons.js]
[templates.hibotheme.com/motoz/default/assets/js/owl.carousel.min.js]
[templates.hibotheme.com/motoz/default/assets/js/odometer.min.js]
[templates.hibotheme.com/motoz/default/assets/js/fancybox.js]
[templates.hibotheme.com/motoz/default/assets/js/jquery.appear.js]
[templates.hibotheme.com/motoz/default/assets/js/tweenmax.min.js]
[templates.hibotheme.com/motoz/default/index-2.html]
[templates.hibotheme.com/motoz/default/assets/css/bootstrap.min.css]
[templates.hibotheme.com/motoz/default/assets/js/main.js]
[templates.hibotheme.com/motoz/default/assets/fonts/flaticon_motoz57ed.ttf]
[templates.hibotheme.com/motoz/default/assets/fonts/flaticon_motoz57ed.woff]
[templates.hibotheme.com/motoz/default/assets/css/fonts/flaticon_motoz57ed.woff2]
[templates.hibotheme.com/motoz/default/assets/css/fonts/flaticon_motoz57ed.eot]
[templates.hibotheme.com/motoz/default/assets/css/fonts/flaticon_motoz57ed.svg]
[templates.hibotheme.com/motoz/default/assets/css/flaticon_motoz.css]
[templates.hibotheme.com/motoz/default/assets/fonts/remixicondf6d.woff2]
[templates.hibotheme.com/motoz/default/assets/fonts/remixicondf6d.eot]
[templates.hibotheme.com/motoz/default/assets/fonts/remixicondf6d.woff]
[templates.hibotheme.com/motoz/default/assets/fonts/remixicondf6d.ttf]
[templates.hibotheme.com/motoz/default/assets/css/remixicon.css]
[templates.hibotheme.com/motoz/default/assets/fonts/remixicondf6d.svg]
[templates.hibotheme.com/motoz/default/assets/fonts/ioniconsde33.eot]
[templates.hibotheme.com/motoz/default/assets/fonts/ioniconsde33.woff2]
[templates.hibotheme.com/motoz/default/assets/fonts/ioniconsde33.woff]
[templates.hibotheme.com/motoz/default/assets/fonts/ioniconsde33.ttf]
[templates.hibotheme.com/motoz/default/assets/fonts/ioniconsde33.svg]
[templates.hibotheme.com/motoz/default/assets/css/ionicons.min.css]
[templates.hibotheme.com/motoz/default/assets/css/owl.video.play.webp]
[templates.hibotheme.com/motoz/default/assets/css/owl.carousel.min.css]
[templates.hibotheme.com/motoz/default/assets/css/odometer.min.css]
[templates.hibotheme.com/motoz/default/assets/css/fancybox.css]
[templates.hibotheme.com/motoz/default/assets/css/aos.css]
[templates.hibotheme.com/motoz/default/assets/css/header.css]
[templates.hibotheme.com/motoz/default/assets/img/down-arrow.webp]
[templates.hibotheme.com/motoz/default/assets/img/breadcrumb/breadcrumb-1.webp]
[templates.hibotheme.com/motoz/default/assets/img/breadcrumb/breadcrumb-2.webp]
[templates.hibotheme.com/motoz/default/assets/img/breadcrumb/breadcrumb-3.webp]
[templates.hibotheme.com/motoz/default/assets/img/breadcrumb/breadcrumb-4.webp]
[templates.hibotheme.com/motoz/default/assets/img/breadcrumb/breadcrumb-5.webp]
[templates.hibotheme.com/motoz/default/assets/img/breadcrumb/breadcrumb-6.webp]
[templates.hibotheme.com/motoz/default/assets/img/breadcrumb/breadcrumb-7.webp]
[templates.hibotheme.com/motoz/default/assets/img/breadcrumb/breadcrumb-8.webp]
[templates.hibotheme.com/motoz/default/assets/img/breadcrumb/breadcrumb-9.webp]
[templates.hibotheme.com/motoz/default/assets/img/breadcrumb/breadcrumb-10.webp]
[templates.hibotheme.com/motoz/default/assets/img/breadcrumb/breadcrumb-11.webp]
[templates.hibotheme.com/motoz/default/assets/img/breadcrumb/breadcrumb-12.webp]
[templates.hibotheme.com/motoz/default/assets/img/breadcrumb/breadcrumb-13.webp]
[templates.hibotheme.com/motoz/default/assets/img/breadcrumb/breadcrumb-14.webp]
[templates.hibotheme.com/motoz/default/assets/img/breadcrumb/breadcrumb-15.webp]
[templates.hibotheme.com/motoz/default/assets/img/breadcrumb/breadcrumb-16.webp]
[templates.hibotheme.com/motoz/default/assets/img/breadcrumb/breadcrumb-17.webp]
[templates.hibotheme.com/motoz/default/assets/img/breadcrumb/breadcrumb-18.webp]
[templates.hibotheme.com/motoz/default/assets/img/hero/hero-bg-1.webp]
[templates.hibotheme.com/motoz/default/assets/img/cta/cta-bg-1.webp]
[templates.hibotheme.com/motoz/default/assets/img/cta/cta-bg-3.webp]
[templates.hibotheme.com/motoz/default/assets/img/counter-bg.webp]
[templates.hibotheme.com/motoz/default/assets/img/bg-1.webp]
[templates.hibotheme.com/motoz/default/assets/img/clients/testimonial-bg.webp]
[templates.hibotheme.com/motoz/default/assets/img/clients/testimonial-bg-2.webp]
[templates.hibotheme.com/motoz/default/assets/img/listing/listing-bg.webp]
[templates.hibotheme.com/motoz/default/assets/img/listing/author-box-bg.webp]
[templates.hibotheme.com/motoz/default/assets/css/style.css]
[templates.hibotheme.com/motoz/default/assets/css/footer.css]
[templates.hibotheme.com/motoz/default/assets/css/responsive.css]
[templates.hibotheme.com/motoz/default/assets/img/night.webp]
[templates.hibotheme.com/motoz/default/assets/img/sunny.webp]
[templates.hibotheme.com/motoz/default/assets/img/down-arrow-white.webp]
[templates.hibotheme.com/motoz/default/assets/css/dark-theme.css]
[templates.hibotheme.com/motoz/default/my-account.html]
[templates.hibotheme.com/motoz/default/assets/img/hero/hero-shape-1.webp]
[templates.hibotheme.com/motoz/default/assets/img/hero/hero-shape-2.webp]
[templates.hibotheme.com/motoz/default/assets/img/hero/hero-shape-3.webp]
[templates.hibotheme.com/motoz/default/assets/img/hero/hero-shape-4.webp]
[templates.hibotheme.com/motoz/default/assets/img/hero/hero-bg-shape.webp]
[templates.hibotheme.com/motoz/default/assets/img/hero/hero-thumb-1.webp]
[templates.hibotheme.com/motoz/default/assets/img/hero/hero-img-1.webp]
[templates.hibotheme.com/motoz/default/assets/img/hero/hero-thumb-2.webp]
[templates.hibotheme.com/motoz/default/assets/img/hero/hero-img-2.webp]
[templates.hibotheme.com/motoz/default/assets/img/hero/hero-thumb-3.webp]
[templates.hibotheme.com/motoz/default/assets/img/hero/hero-img-3.webp]
[templates.hibotheme.com/motoz/default/assets/img/shape-1.webp]
[templates.hibotheme.com/motoz/default/assets/img/product/product-1.webp]
[templates.hibotheme.com/motoz/default/assets/img/product/product-2.webp]
[templates.hibotheme.com/motoz/default/assets/img/product/product-3.webp]
[templates.hibotheme.com/motoz/default/assets/img/product/product-4.webp]
[templates.hibotheme.com/motoz/default/assets/img/product/product-5.webp]
[templates.hibotheme.com/motoz/default/assets/img/product/product-6.webp]
[templates.hibotheme.com/motoz/default/assets/img/product/product-7.webp]
[templates.hibotheme.com/motoz/default/assets/img/product/product-8.webp]
[templates.hibotheme.com/motoz/default/assets/img/circle-shape.webp]
[templates.hibotheme.com/motoz/default/assets/img/brand/brand-1.webp]
[templates.hibotheme.com/motoz/default/assets/img/brand/brand-2.webp]
[templates.hibotheme.com/motoz/default/assets/img/brand/brand-3.webp]
[templates.hibotheme.com/motoz/default/assets/img/brand/brand-4.webp]
[templates.hibotheme.com/motoz/default/assets/img/brand/brand-5.webp]
[templates.hibotheme.com/motoz/default/assets/img/brand/brand-6.webp]
[templates.hibotheme.com/motoz/default/7553028572]
[templates.hibotheme.com/motoz/default/assets/img/dealer/dealer-3.webp]
[templates.hibotheme.com/motoz/default/assets/img/dealer/dealer-5.webp]
[templates.hibotheme.com/motoz/default/assets/img/dealer/dealer-8.webp]
[templates.hibotheme.com/motoz/default/assets/img/about/wh-img.webp]
[templates.hibotheme.com/motoz/default/assets/img/blog/blog-1.webp]
[templates.hibotheme.com/motoz/default/assets/img/blog/blog-2.webp]
[templates.hibotheme.com/motoz/default/assets/img/blog/blog-4.webp]
[templates.hibotheme.com/motoz/default/index.html]
[templates.hibotheme.com/motoz/default/assets/img/hero/hero-shape-5.webp]
[templates.hibotheme.com/motoz/default/assets/img/hero/hero-shape-6.webp]
[templates.hibotheme.com/motoz/default/assets/img/hero/hero-shape-7.webp]
[templates.hibotheme.com/motoz/default/assets/img/hero/hero-shape-8.webp]
[templates.hibotheme.com/motoz/default/assets/img/hero/hero-feature-border-2.webp]
[templates.hibotheme.com/motoz/default/assets/img/hero/hero-logo-1.webp]
[templates.hibotheme.com/motoz/default/assets/img/hero/hero-logo-2.webp]
[templates.hibotheme.com/motoz/default/assets/img/hero/hero-logo-3.webp]
[templates.hibotheme.com/motoz/default/assets/img/hero/hero-img-5.webp]
[templates.hibotheme.com/motoz/default/assets/img/product/product-15.webp]
[templates.hibotheme.com/motoz/default/assets/img/product/product-16.webp]
[templates.hibotheme.com/motoz/default/assets/img/product/product-17.webp]
[templates.hibotheme.com/motoz/default/assets/img/product/product-18.webp]
[templates.hibotheme.com/motoz/default/assets/img/product/product-19.webp]
[templates.hibotheme.com/motoz/default/assets/img/product/product-20.webp]
[templates.hibotheme.com/motoz/default/assets/img/about/about-shape-1.webp]
[templates.hibotheme.com/motoz/default/assets/img/about/about-img-1.webp]
[templates.hibotheme.com/motoz/default/assets/img/about/about-img-2.webp]
[templates.hibotheme.com/motoz/default/assets/img/icon/about-icon.svg]
[templates.hibotheme.com/motoz/default/assets/img/category/cat-17.webp]
[templates.hibotheme.com/motoz/default/assets/img/category/cat-16.webp]
[templates.hibotheme.com/motoz/default/assets/img/category/cat-15.webp]
[templates.hibotheme.com/motoz/default/assets/img/category/cat-18.webp]
[templates.hibotheme.com/motoz/default/assets/img/category/cat-20.webp]
[templates.hibotheme.com/motoz/default/assets/img/category/cat-19.webp]
[templates.hibotheme.com/motoz/default/assets/img/category/cat-21.webp]
[templates.hibotheme.com/motoz/default/assets/img/services/service-1.webp]
[templates.hibotheme.com/motoz/default/assets/img/services/service-2.webp]
[templates.hibotheme.com/motoz/default/assets/img/services/service-3.webp]
[templates.hibotheme.com/motoz/default/assets/img/services/service-4.webp]
[templates.hibotheme.com/motoz/default/assets/img/services/service-5.webp]
[templates.hibotheme.com/motoz/default/assets/img/services/service-6.webp]
[templates.hibotheme.com/motoz/default/assets/img/city/city-6.webp]
[templates.hibotheme.com/motoz/default/assets/img/city/city-7.webp]
[templates.hibotheme.com/motoz/default/assets/img/city/city-8.webp]
[templates.hibotheme.com/motoz/default/assets/img/clients/client-3.webp]
[templates.hibotheme.com/motoz/default/assets/img/clients/client-2.webp]
[templates.hibotheme.com/motoz/default/assets/img/faq-shape-1.webp]
[templates.hibotheme.com/motoz/default/assets/img/faq-shape-2.webp]
[templates.hibotheme.com/motoz/default/assets/img/city/faq-img-1.webp]
[templates.hibotheme.com/motoz/default/assets/img/city/faq-img-2.webp]
[templates.hibotheme.com/motoz/default/assets/img/blog/blog-8.webp]
[templates.hibotheme.com/motoz/default/assets/img/blog/blog-9.webp]
[templates.hibotheme.com/motoz/default/assets/img/blog/blog-10.webp]
[templates.hibotheme.com/motoz/default/index-3.html]
[templates.hibotheme.com/motoz/default/inventory.html]
[templates.hibotheme.com/motoz/default/assets/img/dealer/single-dealer-1.webp]
[templates.hibotheme.com/motoz/default/assets/img/dealer/single-dealer-2.webp]
[templates.hibotheme.com/motoz/default/assets/img/dealer/single-dealer-3.webp]
[templates.hibotheme.com/motoz/default/assets/img/dealer/product-23.webp]
[templates.hibotheme.com/motoz/default/inventory-details.html]
[templates.hibotheme.com/motoz/default/about.html]
[templates.hibotheme.com/motoz/default/assets/img/product/product-25.webp]
[templates.hibotheme.com/motoz/default/listings.html]
[templates.hibotheme.com/motoz/default/add-listing.html]
[templates.hibotheme.com/motoz/default/assets/img/icon/clock.svg]
[templates.hibotheme.com/motoz/default/www.facebook.com]
[templates.hibotheme.com/motoz/default/assets/img/icon/share.svg]
[templates.hibotheme.com/motoz/default/assets/img/icon/save.svg]
[templates.hibotheme.com/motoz/default/assets/img/listing/single-listiing-1.webp]
[templates.hibotheme.com/motoz/default/assets/img/listing/author-2.webp]
[templates.hibotheme.com/motoz/default/assets/img/listing/author-1.webp]
[templates.hibotheme.com/motoz/default/assets/img/instagram/insta-1.webp]
[templates.hibotheme.com/motoz/default/assets/img/instagram/insta-2.webp]
[templates.hibotheme.com/motoz/default/assets/img/instagram/insta-3.webp]
[templates.hibotheme.com/motoz/default/assets/img/instagram/insta-4.webp]
[templates.hibotheme.com/motoz/default/assets/img/instagram/insta-5.webp]
[templates.hibotheme.com/motoz/default/assets/img/instagram/insta-6.webp]
[templates.hibotheme.com/motoz/default/listing-details.html]
[templates.hibotheme.com/motoz/default/services.html]
[templates.hibotheme.com/motoz/default/assets/img/services/single-service-1.webp]
[templates.hibotheme.com/motoz/default/assets/img/services/single-service-2.webp]
[templates.hibotheme.com/motoz/default/assets/img/services/single-service-3.webp]
[templates.hibotheme.com/motoz/default/service-details.html]
[templates.hibotheme.com/motoz/default/assets/img/dealer/dealer-9.webp]
[templates.hibotheme.com/motoz/default/dealers.html]
[templates.hibotheme.com/motoz/default/dealer-details.html]
[templates.hibotheme.com/motoz/default/assets/img/team/team-1.webp]
[templates.hibotheme.com/motoz/default/assets/img/team/team-2.webp]
[templates.hibotheme.com/motoz/default/assets/img/team/team-3.webp]
[templates.hibotheme.com/motoz/default/assets/img/team/team-4.webp]
[templates.hibotheme.com/motoz/default/assets/img/team/team-5.webp]
[templates.hibotheme.com/motoz/default/assets/img/team/team-6.webp]
[templates.hibotheme.com/motoz/default/assets/img/team/team-7.webp]
[templates.hibotheme.com/motoz/default/assets/img/team/team-8.webp]
[templates.hibotheme.com/motoz/default/team.html]
[templates.hibotheme.com/motoz/default/assets/img/bg-2.webp]
[templates.hibotheme.com/motoz/default/calculator.html]
[templates.hibotheme.com/motoz/default/faq.html]
[templates.hibotheme.com/motoz/default/pricing-plan.html]
[templates.hibotheme.com/motoz/default/testimonials.html]
[templates.hibotheme.com/motoz/default/terms-of-service.html]
[templates.hibotheme.com/motoz/default/privacy-policy.html]
[templates.hibotheme.com/motoz/default/assets/img/404.webp]
[templates.hibotheme.com/motoz/default/error-404.html]
[templates.hibotheme.com/motoz/default/assets/img/blog/author-2.webp]
[templates.hibotheme.com/motoz/default/assets/img/blog/author-4.webp]
[templates.hibotheme.com/motoz/default/shop.html]
[templates.hibotheme.com/motoz/default/assets/img/product/single-product-1.webp]
[templates.hibotheme.com/motoz/default/shop-left-sidebar.html]
[templates.hibotheme.com/motoz/default/shop-details.html]
[templates.hibotheme.com/motoz/default/wishlist.html]
[templates.hibotheme.com/motoz/default/cart.html]
[templates.hibotheme.com/motoz/default/checkout.html]
[templates.hibotheme.com/motoz/default/Compare.html]
[templates.hibotheme.com/motoz/default/assets/img/blog/blog-11.webp]
[templates.hibotheme.com/motoz/default/assets/img/blog/blog-12.webp]
[templates.hibotheme.com/motoz/default/assets/img/blog/blog-13.webp]
[templates.hibotheme.com/motoz/default/blog-no-sidebar.html]
[templates.hibotheme.com/motoz/default/assets/img/blog/post-thumb-1.webp]
[templates.hibotheme.com/motoz/default/assets/img/blog/post-thumb-2.webp]
[templates.hibotheme.com/motoz/default/assets/img/blog/post-thumb-3.webp]
[templates.hibotheme.com/motoz/default/blog-left-sidebar.html]
[templates.hibotheme.com/motoz/default/blog-right-sidebar.html]
[templates.hibotheme.com/motoz/default/posts-by-tag.html]
[templates.hibotheme.com/motoz/default/assets/img/blog/single-blog-1.webp]
[templates.hibotheme.com/motoz/default/blog-details-no-sidebar.html]
[templates.hibotheme.com/motoz/default/blog-details-left-sidebar.html]
[templates.hibotheme.com/motoz/default/blog-details-right-sidebar.html]
[templates.hibotheme.com/motoz/default/contact.html]
[templates.hibotheme.com/motoz/default/assets/img/product/product-26.webp]
[templates.hibotheme.com/motoz/default/compare-2.html]
[templates.hibotheme.com/motoz/default/dealer.html]
[templates.hibotheme.com/motoz/default/posts-by-author.html]
[templates.hibotheme.com/motoz/default/assets/css/fonts/flaticon_motoz57ed.html]
[templates.hibotheme.com/motoz/default/assets/css/fonts/flaticon_motoz57ed-2.html]
[templates.hibotheme.com/motoz/default/assets/css/fonts/flaticon_motoz57ed-3.html]
[templates.hibotheme.com/motoz/default/assets/fonts/remixicondf6d.svg]
[templates.hibotheme.com/motoz/default/assets/fonts/ioniconsde33.html]
[templates.hibotheme.com/motoz/default/assets/fonts/ioniconsde33-2.html]
[templates.hibotheme.com/motoz/default/assets/fonts/ioniconsde33-3.html]
[templates.hibotheme.com/motoz/default/assets/fonts/ioniconsde33-4.html]
[templates.hibotheme.com/motoz/default/assets/fonts/ioniconsde33-5.html]
[templates.hibotheme.com/motoz/default/assets/css/owl.video.play.html]
[templates.hibotheme.com/motoz/default/assets/img/breadcrumb/breadcrumb-9.html]
[templates.hibotheme.com/motoz/default/7553028572.html]
[templates.hibotheme.com/motoz/default/assets/img/icon/about-icon.svg]
[templates.hibotheme.com/motoz/default/assets/img/icon/clock.svg]
[templates.hibotheme.com/motoz/default/www.facebook.html]
[templates.hibotheme.com/motoz/default/assets/img/icon/share.svg]
[templates.hibotheme.com/motoz/default/assets/img/icon/save.svg]
[templates.hibotheme.com/motoz/default/assets/img/blog/author-2.html]
[templates.hibotheme.com/motoz/default/assets/img/blog/author-4.html]
[templates.hibotheme.com/motoz/default/shop-left-sidebar.html]
[templates.hibotheme.com/motoz/default/posts-by-tag.html]
